Archive member included to satisfy reference by file (symbol)

c:/program files (x86)/atmel/studio/7.0/toolchain/avr8/avr8-gnu-toolchain/bin/../lib/gcc/avr/4.9.2/avr5\libgcc.a(_exit.o)
                              C:/Program Files (x86)/Atmel/Studio/7.0/Packs/atmel/ATmega_DFP/1.0.106/gcc/dev/atmega328pb/avr5/crtatmega328pb.o (exit)
c:/program files (x86)/atmel/studio/7.0/toolchain/avr8/avr8-gnu-toolchain/bin/../lib/gcc/avr/4.9.2/avr5\libgcc.a(_copy_data.o)
                              LoRa_Task.o (__do_copy_data)
c:/program files (x86)/atmel/studio/7.0/toolchain/avr8/avr8-gnu-toolchain/bin/../lib/gcc/avr/4.9.2/avr5\libgcc.a(_clear_bss.o)
                              IO_Task.o (__do_clear_bss)

Allocating common symbols
Common symbol       size              file

show_data           0x12              IO_Task.o
spi_data_cnt        0x1               IO_Task.o
temp2               0x1               IO_Task.o
rf_rx_data          0xc               IO_Task.o
uart0_trn_ptr       0x2               IO_Task.o
spi_status_flag     0x1               IO_Task.o
spi_trn_data        0x20              IO_Task.o
temp5               0x4               IO_Task.o
uart0_rec_data      0x20              IO_Task.o
temp6               0x4               IO_Task.o
temp1               0x1               IO_Task.o
lora_task_flag      0x1               IO_Task.o
lora_para_index     0x1               IO_Task.o
temp4               0x1               IO_Task.o
spi_rec_data        0x20              IO_Task.o
spi_trn_ptr         0x2               IO_Task.o
lora_para_cnt       0x1               IO_Task.o
rf_tx_data          0xc               IO_Task.o
lora_tx_task_cnt    0x1               IO_Task.o
uart0_rec_cnt       0x1               IO_Task.o
uart0_trn_cnt       0x1               IO_Task.o
lora_rx_task_cnt    0x1               IO_Task.o
temp3               0x1               IO_Task.o
uart0_rec_to        0x1               IO_Task.o
spi_rec_ptr         0x2               IO_Task.o
delay_cnt           0x1               IO_Task.o

Discarded input sections

 .data          0x00000000        0x0 C:/Program Files (x86)/Atmel/Studio/7.0/Packs/atmel/ATmega_DFP/1.0.106/gcc/dev/atmega328pb/avr5/crtatmega328pb.o
 .bss           0x00000000        0x0 C:/Program Files (x86)/Atmel/Studio/7.0/Packs/atmel/ATmega_DFP/1.0.106/gcc/dev/atmega328pb/avr5/crtatmega328pb.o
 .text          0x00000000        0x0 IO_Task.o
 .data          0x00000000        0x0 IO_Task.o
 .bss           0x00000000        0x0 IO_Task.o
 .text.IO_Data_LED_On
                0x00000000        0x4 IO_Task.o
 .text.IO_Data_LED_Off
                0x00000000        0x4 IO_Task.o
 .text.IO_Error_LED_On
                0x00000000        0x4 IO_Task.o
 .text.IO_Error_LED_Off
                0x00000000        0x4 IO_Task.o
 .text          0x00000000        0x0 LoRa_Task.o
 .data          0x00000000        0x0 LoRa_Task.o
 .bss           0x00000000        0x0 LoRa_Task.o
 .text.SX1272_TX_Switch_On
                0x00000000        0x6 LoRa_Task.o
 .text.SX1272_Reset_On
                0x00000000        0x6 LoRa_Task.o
 .text.LoRa_Tx_Task_Poll
                0x00000000      0x15c LoRa_Task.o
 .text.SX1272_Set_Freq
                0x00000000       0x3c LoRa_Task.o
 .rodata.TX_Task_Setting
                0x00000000        0xa LoRa_Task.o
 .rodata.RF_Freq_Value
                0x00000000        0x6 LoRa_Task.o
 .text          0x00000000        0x0 main.o
 .data          0x00000000        0x0 main.o
 .bss           0x00000000        0x0 main.o
 .text          0x00000000        0x0 SPI_Task.o
 .data          0x00000000        0x0 SPI_Task.o
 .bss           0x00000000        0x0 SPI_Task.o
 .text          0x00000000        0x0 Timer_Task.o
 .data          0x00000000        0x0 Timer_Task.o
 .bss           0x00000000        0x0 Timer_Task.o
 .text          0x00000000        0x0 UART_Task.o
 .data          0x00000000        0x0 UART_Task.o
 .bss           0x00000000        0x0 UART_Task.o
 .text          0x00000000        0x0 c:/program files (x86)/atmel/studio/7.0/toolchain/avr8/avr8-gnu-toolchain/bin/../lib/gcc/avr/4.9.2/avr5\libgcc.a(_exit.o)
 .data          0x00000000        0x0 c:/program files (x86)/atmel/studio/7.0/toolchain/avr8/avr8-gnu-toolchain/bin/../lib/gcc/avr/4.9.2/avr5\libgcc.a(_exit.o)
 .bss           0x00000000        0x0 c:/program files (x86)/atmel/studio/7.0/toolchain/avr8/avr8-gnu-toolchain/bin/../lib/gcc/avr/4.9.2/avr5\libgcc.a(_exit.o)
 .text.libgcc.mul
                0x00000000        0x0 c:/program files (x86)/atmel/studio/7.0/toolchain/avr8/avr8-gnu-toolchain/bin/../lib/gcc/avr/4.9.2/avr5\libgcc.a(_exit.o)
 .text.libgcc.div
                0x00000000        0x0 c:/program files (x86)/atmel/studio/7.0/toolchain/avr8/avr8-gnu-toolchain/bin/../lib/gcc/avr/4.9.2/avr5\libgcc.a(_exit.o)
 .text.libgcc   0x00000000        0x0 c:/program files (x86)/atmel/studio/7.0/toolchain/avr8/avr8-gnu-toolchain/bin/../lib/gcc/avr/4.9.2/avr5\libgcc.a(_exit.o)
 .text.libgcc.prologue
                0x00000000        0x0 c:/program files (x86)/atmel/studio/7.0/toolchain/avr8/avr8-gnu-toolchain/bin/../lib/gcc/avr/4.9.2/avr5\libgcc.a(_exit.o)
 .text.libgcc.builtins
                0x00000000        0x0 c:/program files (x86)/atmel/studio/7.0/toolchain/avr8/avr8-gnu-toolchain/bin/../lib/gcc/avr/4.9.2/avr5\libgcc.a(_exit.o)
 .text.libgcc.fmul
                0x00000000        0x0 c:/program files (x86)/atmel/studio/7.0/toolchain/avr8/avr8-gnu-toolchain/bin/../lib/gcc/avr/4.9.2/avr5\libgcc.a(_exit.o)
 .text.libgcc.fixed
                0x00000000        0x0 c:/program files (x86)/atmel/studio/7.0/toolchain/avr8/avr8-gnu-toolchain/bin/../lib/gcc/avr/4.9.2/avr5\libgcc.a(_exit.o)
 .text          0x00000000        0x0 c:/program files (x86)/atmel/studio/7.0/toolchain/avr8/avr8-gnu-toolchain/bin/../lib/gcc/avr/4.9.2/avr5\libgcc.a(_copy_data.o)
 .data          0x00000000        0x0 c:/program files (x86)/atmel/studio/7.0/toolchain/avr8/avr8-gnu-toolchain/bin/../lib/gcc/avr/4.9.2/avr5\libgcc.a(_copy_data.o)
 .bss           0x00000000        0x0 c:/program files (x86)/atmel/studio/7.0/toolchain/avr8/avr8-gnu-toolchain/bin/../lib/gcc/avr/4.9.2/avr5\libgcc.a(_copy_data.o)
 .text.libgcc.mul
                0x00000000        0x0 c:/program files (x86)/atmel/studio/7.0/toolchain/avr8/avr8-gnu-toolchain/bin/../lib/gcc/avr/4.9.2/avr5\libgcc.a(_copy_data.o)
 .text.libgcc.div
                0x00000000        0x0 c:/program files (x86)/atmel/studio/7.0/toolchain/avr8/avr8-gnu-toolchain/bin/../lib/gcc/avr/4.9.2/avr5\libgcc.a(_copy_data.o)
 .text.libgcc   0x00000000        0x0 c:/program files (x86)/atmel/studio/7.0/toolchain/avr8/avr8-gnu-toolchain/bin/../lib/gcc/avr/4.9.2/avr5\libgcc.a(_copy_data.o)
 .text.libgcc.prologue
                0x00000000        0x0 c:/program files (x86)/atmel/studio/7.0/toolchain/avr8/avr8-gnu-toolchain/bin/../lib/gcc/avr/4.9.2/avr5\libgcc.a(_copy_data.o)
 .text.libgcc.builtins
                0x00000000        0x0 c:/program files (x86)/atmel/studio/7.0/toolchain/avr8/avr8-gnu-toolchain/bin/../lib/gcc/avr/4.9.2/avr5\libgcc.a(_copy_data.o)
 .text.libgcc.fmul
                0x00000000        0x0 c:/program files (x86)/atmel/studio/7.0/toolchain/avr8/avr8-gnu-toolchain/bin/../lib/gcc/avr/4.9.2/avr5\libgcc.a(_copy_data.o)
 .text.libgcc.fixed
                0x00000000        0x0 c:/program files (x86)/atmel/studio/7.0/toolchain/avr8/avr8-gnu-toolchain/bin/../lib/gcc/avr/4.9.2/avr5\libgcc.a(_copy_data.o)
 .text          0x00000000        0x0 c:/program files (x86)/atmel/studio/7.0/toolchain/avr8/avr8-gnu-toolchain/bin/../lib/gcc/avr/4.9.2/avr5\libgcc.a(_clear_bss.o)
 .data          0x00000000        0x0 c:/program files (x86)/atmel/studio/7.0/toolchain/avr8/avr8-gnu-toolchain/bin/../lib/gcc/avr/4.9.2/avr5\libgcc.a(_clear_bss.o)
 .bss           0x00000000        0x0 c:/program files (x86)/atmel/studio/7.0/toolchain/avr8/avr8-gnu-toolchain/bin/../lib/gcc/avr/4.9.2/avr5\libgcc.a(_clear_bss.o)
 .text.libgcc.mul
                0x00000000        0x0 c:/program files (x86)/atmel/studio/7.0/toolchain/avr8/avr8-gnu-toolchain/bin/../lib/gcc/avr/4.9.2/avr5\libgcc.a(_clear_bss.o)
 .text.libgcc.div
                0x00000000        0x0 c:/program files (x86)/atmel/studio/7.0/toolchain/avr8/avr8-gnu-toolchain/bin/../lib/gcc/avr/4.9.2/avr5\libgcc.a(_clear_bss.o)
 .text.libgcc   0x00000000        0x0 c:/program files (x86)/atmel/studio/7.0/toolchain/avr8/avr8-gnu-toolchain/bin/../lib/gcc/avr/4.9.2/avr5\libgcc.a(_clear_bss.o)
 .text.libgcc.prologue
                0x00000000        0x0 c:/program files (x86)/atmel/studio/7.0/toolchain/avr8/avr8-gnu-toolchain/bin/../lib/gcc/avr/4.9.2/avr5\libgcc.a(_clear_bss.o)
 .text.libgcc.builtins
                0x00000000        0x0 c:/program files (x86)/atmel/studio/7.0/toolchain/avr8/avr8-gnu-toolchain/bin/../lib/gcc/avr/4.9.2/avr5\libgcc.a(_clear_bss.o)
 .text.libgcc.fmul
                0x00000000        0x0 c:/program files (x86)/atmel/studio/7.0/toolchain/avr8/avr8-gnu-toolchain/bin/../lib/gcc/avr/4.9.2/avr5\libgcc.a(_clear_bss.o)
 .text.libgcc.fixed
                0x00000000        0x0 c:/program files (x86)/atmel/studio/7.0/toolchain/avr8/avr8-gnu-toolchain/bin/../lib/gcc/avr/4.9.2/avr5\libgcc.a(_clear_bss.o)

Memory Configuration

Name             Origin             Length             Attributes
text             0x00000000         0x00020000         xr
data             0x00800060         0x0000ffa0         rw !x
eeprom           0x00810000         0x00010000         rw !x
fuse             0x00820000         0x00000400         rw !x
lock             0x00830000         0x00000400         rw !x
signature        0x00840000         0x00000400         rw !x
user_signatures  0x00850000         0x00000400         rw !x
*default*        0x00000000         0xffffffff

Linker script and memory map

Address of section .data set to 0x800100
LOAD C:/Program Files (x86)/Atmel/Studio/7.0/Packs/atmel/ATmega_DFP/1.0.106/gcc/dev/atmega328pb/avr5/crtatmega328pb.o
LOAD IO_Task.o
LOAD LoRa_Task.o
LOAD main.o
LOAD SPI_Task.o
LOAD Timer_Task.o
LOAD UART_Task.o
START GROUP
LOAD c:/program files (x86)/atmel/studio/7.0/toolchain/avr8/avr8-gnu-toolchain/bin/../lib/gcc/avr/4.9.2/../../../../avr/lib/avr5\libm.a
END GROUP
START GROUP
LOAD c:/program files (x86)/atmel/studio/7.0/toolchain/avr8/avr8-gnu-toolchain/bin/../lib/gcc/avr/4.9.2/avr5\libgcc.a
LOAD c:/program files (x86)/atmel/studio/7.0/toolchain/avr8/avr8-gnu-toolchain/bin/../lib/gcc/avr/4.9.2/../../../../avr/lib/avr5\libm.a
LOAD c:/program files (x86)/atmel/studio/7.0/toolchain/avr8/avr8-gnu-toolchain/bin/../lib/gcc/avr/4.9.2/../../../../avr/lib/avr5\libc.a
LOAD C:/Program Files (x86)/Atmel/Studio/7.0/Packs/atmel/ATmega_DFP/1.0.106/gcc/dev/atmega328pb/avr5\libatmega328pb.a
END GROUP
                0x00020000                __TEXT_REGION_LENGTH__ = DEFINED (__TEXT_REGION_LENGTH__)?__TEXT_REGION_LENGTH__:0x20000
                0x0000ffa0                __DATA_REGION_LENGTH__ = DEFINED (__DATA_REGION_LENGTH__)?__DATA_REGION_LENGTH__:0xffa0
                0x00010000                __EEPROM_REGION_LENGTH__ = DEFINED (__EEPROM_REGION_LENGTH__)?__EEPROM_REGION_LENGTH__:0x10000
                0x00000400                __FUSE_REGION_LENGTH__ = DEFINED (__FUSE_REGION_LENGTH__)?__FUSE_REGION_LENGTH__:0x400
                0x00000400                __LOCK_REGION_LENGTH__ = DEFINED (__LOCK_REGION_LENGTH__)?__LOCK_REGION_LENGTH__:0x400
                0x00000400                __SIGNATURE_REGION_LENGTH__ = DEFINED (__SIGNATURE_REGION_LENGTH__)?__SIGNATURE_REGION_LENGTH__:0x400
                0x00000400                __USER_SIGNATURE_REGION_LENGTH__ = DEFINED (__USER_SIGNATURE_REGION_LENGTH__)?__USER_SIGNATURE_REGION_LENGTH__:0x400

.hash
 *(.hash)

.dynsym
 *(.dynsym)

.dynstr
 *(.dynstr)

.gnu.version
 *(.gnu.version)

.gnu.version_d
 *(.gnu.version_d)

.gnu.version_r
 *(.gnu.version_r)

.rel.init
 *(.rel.init)

.rela.init
 *(.rela.init)

.rel.text
 *(.rel.text)
 *(.rel.text.*)
 *(.rel.gnu.linkonce.t*)

.rela.text
 *(.rela.text)
 *(.rela.text.*)
 *(.rela.gnu.linkonce.t*)

.rel.fini
 *(.rel.fini)

.rela.fini
 *(.rela.fini)

.rel.rodata
 *(.rel.rodata)
 *(.rel.rodata.*)
 *(.rel.gnu.linkonce.r*)

.rela.rodata
 *(.rela.rodata)
 *(.rela.rodata.*)
 *(.rela.gnu.linkonce.r*)

.rel.data
 *(.rel.data)
 *(.rel.data.*)
 *(.rel.gnu.linkonce.d*)

.rela.data
 *(.rela.data)
 *(.rela.data.*)
 *(.rela.gnu.linkonce.d*)

.rel.ctors
 *(.rel.ctors)

.rela.ctors
 *(.rela.ctors)

.rel.dtors
 *(.rel.dtors)

.rela.dtors
 *(.rela.dtors)

.rel.got
 *(.rel.got)

.rela.got
 *(.rela.got)

.rel.bss
 *(.rel.bss)

.rela.bss
 *(.rela.bss)

.rel.plt
 *(.rel.plt)

.rela.plt
 *(.rela.plt)

.text           0x00000000      0x6c2
 *(.vectors)
 .vectors       0x00000000       0xb4 C:/Program Files (x86)/Atmel/Studio/7.0/Packs/atmel/ATmega_DFP/1.0.106/gcc/dev/atmega328pb/avr5/crtatmega328pb.o
                0x00000000                __vector_default
                0x00000000                __vectors
 *(.vectors)
 *(.progmem.gcc*)
                0x000000b4                . = ALIGN (0x2)
                0x000000b4                __trampolines_start = .
 *(.trampolines)
 .trampolines   0x000000b4        0x0 linker stubs
 *(.trampolines*)
                0x000000b4                __trampolines_end = .
 *libprintf_flt.a:*(.progmem.data)
 *libc.a:*(.progmem.data)
 *(.progmem*)
                0x000000b4                . = ALIGN (0x2)
 *(.jumptables)
 *(.jumptables*)
 *(.lowtext)
 *(.lowtext*)
                0x000000b4                __ctors_start = .
 *(.ctors)
                0x000000b4                __ctors_end = .
                0x000000b4                __dtors_start = .
 *(.dtors)
                0x000000b4                __dtors_end = .
 SORT(*)(.ctors)
 SORT(*)(.dtors)
 *(.init0)
 .init0         0x000000b4        0x0 C:/Program Files (x86)/Atmel/Studio/7.0/Packs/atmel/ATmega_DFP/1.0.106/gcc/dev/atmega328pb/avr5/crtatmega328pb.o
                0x000000b4                __init
 *(.init0)
 *(.init1)
 *(.init1)
 *(.init2)
 .init2         0x000000b4        0xc C:/Program Files (x86)/Atmel/Studio/7.0/Packs/atmel/ATmega_DFP/1.0.106/gcc/dev/atmega328pb/avr5/crtatmega328pb.o
 *(.init2)
 *(.init3)
 *(.init3)
 *(.init4)
 .init4         0x000000c0       0x16 c:/program files (x86)/atmel/studio/7.0/toolchain/avr8/avr8-gnu-toolchain/bin/../lib/gcc/avr/4.9.2/avr5\libgcc.a(_copy_data.o)
                0x000000c0                __do_copy_data
 .init4         0x000000d6       0x10 c:/program files (x86)/atmel/studio/7.0/toolchain/avr8/avr8-gnu-toolchain/bin/../lib/gcc/avr/4.9.2/avr5\libgcc.a(_clear_bss.o)
                0x000000d6                __do_clear_bss
 *(.init4)
 *(.init5)
 *(.init5)
 *(.init6)
 *(.init6)
 *(.init7)
 *(.init7)
 *(.init8)
 *(.init8)
 *(.init9)
 .init9         0x000000e6        0x8 C:/Program Files (x86)/Atmel/Studio/7.0/Packs/atmel/ATmega_DFP/1.0.106/gcc/dev/atmega328pb/avr5/crtatmega328pb.o
 *(.init9)
 *(.text)
 .text          0x000000ee        0x4 C:/Program Files (x86)/Atmel/Studio/7.0/Packs/atmel/ATmega_DFP/1.0.106/gcc/dev/atmega328pb/avr5/crtatmega328pb.o
                0x000000ee                __vector_38
                0x000000ee                __vector_22
                0x000000ee                __vector_28
                0x000000ee                __vector_1
                0x000000ee                __vector_32
                0x000000ee                __vector_34
                0x000000ee                __vector_24
                0x000000ee                __vector_12
                0x000000ee                __bad_interrupt
                0x000000ee                __vector_6
                0x000000ee                __vector_31
                0x000000ee                __vector_35
                0x000000ee                __vector_39
                0x000000ee                __vector_3
                0x000000ee                __vector_23
                0x000000ee                __vector_30
                0x000000ee                __vector_25
                0x000000ee                __vector_11
                0x000000ee                __vector_13
                0x000000ee                __vector_17
                0x000000ee                __vector_19
                0x000000ee                __vector_7
                0x000000ee                __vector_41
                0x000000ee                __vector_43
                0x000000ee                __vector_27
                0x000000ee                __vector_5
                0x000000ee                __vector_33
                0x000000ee                __vector_37
                0x000000ee                __vector_4
                0x000000ee                __vector_44
                0x000000ee                __vector_9
                0x000000ee                __vector_2
                0x000000ee                __vector_21
                0x000000ee                __vector_15
                0x000000ee                __vector_36
                0x000000ee                __vector_29
                0x000000ee                __vector_40
                0x000000ee                __vector_8
                0x000000ee                __vector_26
                0x000000ee                __vector_14
                0x000000ee                __vector_10
                0x000000ee                __vector_16
                0x000000ee                __vector_20
                0x000000ee                __vector_42
                0x000000f2                . = ALIGN (0x2)
 *(.text.*)
 .text.IO_Init  0x000000f2       0x20 IO_Task.o
                0x000000f2                IO_Init
 .text.IO_Data_LED_Toggle
                0x00000112       0x14 IO_Task.o
                0x00000112                IO_Data_LED_Toggle
 .text.SX1272_RX_Switch_On
                0x00000126        0x6 LoRa_Task.o
                0x00000126                SX1272_RX_Switch_On
 .text.SX1272_Reset_Off
                0x0000012c        0x6 LoRa_Task.o
                0x0000012c                SX1272_Reset_Off
 .text.SX1272_Reg_Access_On
                0x00000132       0x24 LoRa_Task.o
                0x00000132                SX1272_Reg_Access_On
 .text.LoRa_Rx_Task_Poll
                0x00000156      0x14a LoRa_Task.o
                0x00000156                LoRa_Rx_Task_Poll
 .text.SX1272_SPI_Loop
                0x000002a0       0x1a LoRa_Task.o
                0x000002a0                SX1272_SPI_Loop
 .text.SX1272_Reg_Access
                0x000002ba       0x28 LoRa_Task.o
                0x000002ba                SX1272_Reg_Access
 .text.LoRa_RF_Init
                0x000002e2       0x3c LoRa_Task.o
                0x000002e2                LoRa_RF_Init
 .text.get_HT_for_Show
                0x0000031e      0x110 main.o
                0x0000031e                get_HT_for_Show
 .text.main     0x0000042e       0xb6 main.o
                0x0000042e                main
 .text.SPI_Init
                0x000004e4       0x18 SPI_Task.o
                0x000004e4                SPI_Init
 .text.SPI_Task
                0x000004fc       0x70 SPI_Task.o
                0x000004fc                SPI_Task
 .text.SPI_Trigger_On
                0x0000056c       0x40 SPI_Task.o
                0x0000056c                SPI_Trigger_On
 .text.Timer0_Init
                0x000005ac        0xe Timer_Task.o
                0x000005ac                Timer0_Init
 .text.Timer0_Task
                0x000005ba       0x3e Timer_Task.o
                0x000005ba                Timer0_Task
 .text.__vector_18
                0x000005f8       0x44 UART_Task.o
                0x000005f8                __vector_18
 .text.UART0_Init
                0x0000063c       0x16 UART_Task.o
                0x0000063c                UART0_Init
 .text.UART0_Trn_Task
                0x00000652       0x6c UART_Task.o
                0x00000652                UART0_Trn_Task
                0x000006be                . = ALIGN (0x2)
 *(.fini9)
 .fini9         0x000006be        0x0 c:/program files (x86)/atmel/studio/7.0/toolchain/avr8/avr8-gnu-toolchain/bin/../lib/gcc/avr/4.9.2/avr5\libgcc.a(_exit.o)
                0x000006be                _exit
                0x000006be                exit
 *(.fini9)
 *(.fini8)
 *(.fini8)
 *(.fini7)
 *(.fini7)
 *(.fini6)
 *(.fini6)
 *(.fini5)
 *(.fini5)
 *(.fini4)
 *(.fini4)
 *(.fini3)
 *(.fini3)
 *(.fini2)
 *(.fini2)
 *(.fini1)
 *(.fini1)
 *(.fini0)
 .fini0         0x000006be        0x4 c:/program files (x86)/atmel/studio/7.0/toolchain/avr8/avr8-gnu-toolchain/bin/../lib/gcc/avr/4.9.2/avr5\libgcc.a(_exit.o)
 *(.fini0)
                0x000006c2                _etext = .

.data           0x00800100       0x36 load address 0x000006c2
                0x00800100                PROVIDE (__data_start, .)
 *(.data)
 *(.data*)
 *(.rodata)
 *(.rodata*)
 .rodata.RX_Task_Setting
                0x00800100        0xa LoRa_Task.o
                0x00800100                RX_Task_Setting
 .rodata.RF_Init_Data
                0x0080010a       0x2c LoRa_Task.o
                0x0080010a                RF_Init_Data
 *(.gnu.linkonce.d*)
                0x00800136                . = ALIGN (0x2)
                0x00800136                _edata = .
                0x00800136                PROVIDE (__data_end, .)

.bss            0x00800136       0xa7
                0x00800136                PROVIDE (__bss_start, .)
 *(.bss)
 *(.bss*)
 *(COMMON)
 COMMON         0x00800136       0xa7 IO_Task.o
                0x00800136                show_data
                0x00800148                spi_data_cnt
                0x00800149                temp2
                0x0080014a                rf_rx_data
                0x00800156                uart0_trn_ptr
                0x00800158                spi_status_flag
                0x00800159                spi_trn_data
                0x00800179                temp5
                0x0080017d                uart0_rec_data
                0x0080019d                temp6
                0x008001a1                temp1
                0x008001a2                lora_task_flag
                0x008001a3                lora_para_index
                0x008001a4                temp4
                0x008001a5                spi_rec_data
                0x008001c5                spi_trn_ptr
                0x008001c7                lora_para_cnt
                0x008001c8                rf_tx_data
                0x008001d4                lora_tx_task_cnt
                0x008001d5                uart0_rec_cnt
                0x008001d6                uart0_trn_cnt
                0x008001d7                lora_rx_task_cnt
                0x008001d8                temp3
                0x008001d9                uart0_rec_to
                0x008001da                spi_rec_ptr
                0x008001dc                delay_cnt
                0x008001dd                PROVIDE (__bss_end, .)
                0x000006c2                __data_load_start = LOADADDR (.data)
                0x000006f8                __data_load_end = (__data_load_start + SIZEOF (.data))

.noinit         0x008001dd        0x0
                [!provide]                PROVIDE (__noinit_start, .)
 *(.noinit*)
                [!provide]                PROVIDE (__noinit_end, .)
                0x008001dd                _end = .
                [!provide]                PROVIDE (__heap_start, .)

.eeprom         0x00810000        0x0
 *(.eeprom*)
                0x00810000                __eeprom_end = .

.fuse           0x00820000        0x3
 *(.fuse)
 .fuse          0x00820000        0x3 main.o
                0x00820000                __fuse
 *(.lfuse)
 *(.hfuse)
 *(.efuse)

.lock
 *(.lock*)

.signature
 *(.signature*)

.user_signatures
 *(.user_signatures*)

.stab
 *(.stab)

.stabstr
 *(.stabstr)

.stab.excl
 *(.stab.excl)

.stab.exclstr
 *(.stab.exclstr)

.stab.index
 *(.stab.index)

.stab.indexstr
 *(.stab.indexstr)

.comment        0x00000000       0x30
 *(.comment)
 .comment       0x00000000       0x30 IO_Task.o
                                 0x31 (size before relaxing)
 .comment       0x00000030       0x31 LoRa_Task.o
 .comment       0x00000030       0x31 main.o
 .comment       0x00000030       0x31 SPI_Task.o
 .comment       0x00000030       0x31 Timer_Task.o
 .comment       0x00000030       0x31 UART_Task.o

.note.gnu.avr.deviceinfo
                0x00000000       0x40
 .note.gnu.avr.deviceinfo
                0x00000000       0x40 C:/Program Files (x86)/Atmel/Studio/7.0/Packs/atmel/ATmega_DFP/1.0.106/gcc/dev/atmega328pb/avr5/crtatmega328pb.o

.note.gnu.build-id
 *(.note.gnu.build-id)

.debug
 *(.debug)

.line
 *(.line)

.debug_srcinfo
 *(.debug_srcinfo)

.debug_sfnames
 *(.debug_sfnames)

.debug_aranges  0x00000000      0x168
 *(.debug_aranges)
 .debug_aranges
                0x00000000       0x48 IO_Task.o
 .debug_aranges
                0x00000048       0x70 LoRa_Task.o
 .debug_aranges
                0x000000b8       0x28 main.o
 .debug_aranges
                0x000000e0       0x30 SPI_Task.o
 .debug_aranges
                0x00000110       0x28 Timer_Task.o
 .debug_aranges
                0x00000138       0x30 UART_Task.o

.debug_pubnames
 *(.debug_pubnames)

.debug_info     0x00000000     0x1430
 *(.debug_info .gnu.linkonce.wi.*)
 .debug_info    0x00000000      0x30d IO_Task.o
 .debug_info    0x0000030d      0x4e9 LoRa_Task.o
 .debug_info    0x000007f6      0x3ef main.o
 .debug_info    0x00000be5      0x2cb SPI_Task.o
 .debug_info    0x00000eb0      0x2b5 Timer_Task.o
 .debug_info    0x00001165      0x2cb UART_Task.o

.debug_abbrev   0x00000000      0x3f2
 *(.debug_abbrev)
 .debug_abbrev  0x00000000       0x7d IO_Task.o
 .debug_abbrev  0x0000007d      0x108 LoRa_Task.o
 .debug_abbrev  0x00000185       0xde main.o
 .debug_abbrev  0x00000263       0x7d SPI_Task.o
 .debug_abbrev  0x000002e0       0x7d Timer_Task.o
 .debug_abbrev  0x0000035d       0x95 UART_Task.o

.debug_line     0x00000000      0xcc3
 *(.debug_line .debug_line.* .debug_line_end)
 .debug_line    0x00000000      0x16b IO_Task.o
 .debug_line    0x0000016b      0x499 LoRa_Task.o
 .debug_line    0x00000604      0x318 main.o
 .debug_line    0x0000091c      0x146 SPI_Task.o
 .debug_line    0x00000a62      0x114 Timer_Task.o
 .debug_line    0x00000b76      0x14d UART_Task.o

.debug_frame    0x00000000      0x260
 *(.debug_frame)
 .debug_frame   0x00000000       0x74 IO_Task.o
 .debug_frame   0x00000074       0xdc LoRa_Task.o
 .debug_frame   0x00000150       0x34 main.o
 .debug_frame   0x00000184       0x44 SPI_Task.o
 .debug_frame   0x000001c8       0x34 Timer_Task.o
 .debug_frame   0x000001fc       0x64 UART_Task.o

.debug_str      0x00000000      0x4a7
 *(.debug_str)
 .debug_str     0x00000000      0x2c9 IO_Task.o
                                0x2fd (size before relaxing)
 .debug_str     0x000002c9      0x125 LoRa_Task.o
                                0x3cb (size before relaxing)
 .debug_str     0x000003ee       0x7a main.o
                                0x34e (size before relaxing)
 .debug_str     0x00000468       0x10 SPI_Task.o
                                0x2c4 (size before relaxing)
 .debug_str     0x00000478       0x12 Timer_Task.o
                                0x2bd (size before relaxing)
 .debug_str     0x0000048a       0x1d UART_Task.o
                                0x2ca (size before relaxing)

.debug_loc      0x00000000       0xc1
 *(.debug_loc)
 .debug_loc     0x00000000       0x5e LoRa_Task.o
 .debug_loc     0x0000005e       0x63 UART_Task.o

.debug_macinfo
 *(.debug_macinfo)

.debug_weaknames
 *(.debug_weaknames)

.debug_funcnames
 *(.debug_funcnames)

.debug_typenames
 *(.debug_typenames)

.debug_varnames
 *(.debug_varnames)

.debug_pubtypes
 *(.debug_pubtypes)

.debug_ranges   0x00000000      0x108
 *(.debug_ranges)
 .debug_ranges  0x00000000       0x38 IO_Task.o
 .debug_ranges  0x00000038       0x60 LoRa_Task.o
 .debug_ranges  0x00000098       0x18 main.o
 .debug_ranges  0x000000b0       0x20 SPI_Task.o
 .debug_ranges  0x000000d0       0x18 Timer_Task.o
 .debug_ranges  0x000000e8       0x20 UART_Task.o

.debug_macro
 *(.debug_macro)
OUTPUT(LoRa_RX.elf elf32-avr)
LOAD linker stubs
