Archive member included to satisfy reference by file (symbol)

c:/program files (x86)/atmel/studio/7.0/toolchain/avr8/avr8-gnu-toolchain/bin/../lib/gcc/avr/4.9.2/avr5\libgcc.a(_udivmodsi4.o)
                              Device_Task.o (__udivmodsi4)
c:/program files (x86)/atmel/studio/7.0/toolchain/avr8/avr8-gnu-toolchain/bin/../lib/gcc/avr/4.9.2/avr5\libgcc.a(_exit.o)
                              C:/Program Files (x86)/Atmel/Studio/7.0/Packs/atmel/ATmega_DFP/1.0.106/gcc/dev/atmega328pb/avr5/crtatmega328pb.o (exit)
c:/program files (x86)/atmel/studio/7.0/toolchain/avr8/avr8-gnu-toolchain/bin/../lib/gcc/avr/4.9.2/avr5\libgcc.a(_tablejump2.o)
                              TWI_Task.o (__tablejump2__)
c:/program files (x86)/atmel/studio/7.0/toolchain/avr8/avr8-gnu-toolchain/bin/../lib/gcc/avr/4.9.2/avr5\libgcc.a(_copy_data.o)
                              LoRa_Task.o (__do_copy_data)
c:/program files (x86)/atmel/studio/7.0/toolchain/avr8/avr8-gnu-toolchain/bin/../lib/gcc/avr/4.9.2/avr5\libgcc.a(_clear_bss.o)
                              ADC_Task.o (__do_clear_bss)
c:/program files (x86)/atmel/studio/7.0/toolchain/avr8/avr8-gnu-toolchain/bin/../lib/gcc/avr/4.9.2/avr5\libgcc.a(_muluhisi3.o)
                              Device_Task.o (__muluhisi3)
c:/program files (x86)/atmel/studio/7.0/toolchain/avr8/avr8-gnu-toolchain/bin/../lib/gcc/avr/4.9.2/avr5\libgcc.a(_umulhisi3.o)
                              c:/program files (x86)/atmel/studio/7.0/toolchain/avr8/avr8-gnu-toolchain/bin/../lib/gcc/avr/4.9.2/avr5\libgcc.a(_muluhisi3.o) (__umulhisi3)

Allocating common symbols
Common symbol       size              file

twi1_task_cnt       0x1               ADC_Task.o
spi_data_cnt        0x1               ADC_Task.o
temp2               0x1               ADC_Task.o
rf_rx_data          0xc               ADC_Task.o
twi1_word           0x1               ADC_Task.o
uart0_trn_ptr       0x2               ADC_Task.o
spi_status_flag     0x1               ADC_Task.o
spi_trn_data        0x20              ADC_Task.o
temp5               0x4               ADC_Task.o
twi1_task_status    0x1               ADC_Task.o
adc_value           0x1               ADC_Task.o
temp6               0x4               ADC_Task.o
temp1               0x1               ADC_Task.o
twi1_data           0x8               ADC_Task.o
lora_task_flag      0x1               ADC_Task.o
twi1_addr           0x1               ADC_Task.o
lora_para_index     0x1               ADC_Task.o
temp4               0x1               ADC_Task.o
spi_rec_data        0x20              ADC_Task.o
spi_trn_ptr         0x2               ADC_Task.o
lora_para_cnt       0x1               ADC_Task.o
rf_tx_data          0xc               ADC_Task.o
lora_tx_task_cnt    0x1               ADC_Task.o
lora_rx_task_cnt    0x1               ADC_Task.o
twi1_data_index     0x1               ADC_Task.o
temp3               0x1               ADC_Task.o
dev_task_cnt        0x1               ADC_Task.o
spi_rec_ptr         0x2               ADC_Task.o
twi1_data_cnt       0x1               ADC_Task.o
delay_cnt           0x1               ADC_Task.o

Discarded input sections

 .data          0x00000000        0x0 C:/Program Files (x86)/Atmel/Studio/7.0/Packs/atmel/ATmega_DFP/1.0.106/gcc/dev/atmega328pb/avr5/crtatmega328pb.o
 .bss           0x00000000        0x0 C:/Program Files (x86)/Atmel/Studio/7.0/Packs/atmel/ATmega_DFP/1.0.106/gcc/dev/atmega328pb/avr5/crtatmega328pb.o
 .text          0x00000000        0x0 ADC_Task.o
 .data          0x00000000        0x0 ADC_Task.o
 .bss           0x00000000        0x0 ADC_Task.o
 .text          0x00000000        0x0 Device_Task.o
 .data          0x00000000        0x0 Device_Task.o
 .bss           0x00000000        0x0 Device_Task.o
 .text          0x00000000        0x0 HIH6130.o
 .data          0x00000000        0x0 HIH6130.o
 .bss           0x00000000        0x0 HIH6130.o
 .text          0x00000000        0x0 IO_Task.o
 .data          0x00000000        0x0 IO_Task.o
 .bss           0x00000000        0x0 IO_Task.o
 .text.IO_Data_LED_On
                0x00000000        0x4 IO_Task.o
 .text.IO_Data_LED_Off
                0x00000000        0x4 IO_Task.o
 .text.IO_Error_LED_On
                0x00000000        0x4 IO_Task.o
 .text.IO_Error_LED_Off
                0x00000000        0x4 IO_Task.o
 .text          0x00000000        0x0 LoRa_Task.o
 .data          0x00000000        0x0 LoRa_Task.o
 .bss           0x00000000        0x0 LoRa_Task.o
 .text.SX1272_RX_Switch_On
                0x00000000        0x6 LoRa_Task.o
 .text.SX1272_Reset_On
                0x00000000        0x6 LoRa_Task.o
 .text.LoRa_Rx_Task_Poll
                0x00000000      0x14a LoRa_Task.o
 .text.SX1272_Set_Freq
                0x00000000       0x3c LoRa_Task.o
 .rodata.RX_Task_Setting
                0x00000000        0xa LoRa_Task.o
 .rodata.RF_Freq_Value
                0x00000000        0x6 LoRa_Task.o
 .text          0x00000000        0x0 main.o
 .data          0x00000000        0x0 main.o
 .bss           0x00000000        0x0 main.o
 .text          0x00000000        0x0 SPI_Task.o
 .data          0x00000000        0x0 SPI_Task.o
 .bss           0x00000000        0x0 SPI_Task.o
 .text          0x00000000        0x0 Timer_Task.o
 .data          0x00000000        0x0 Timer_Task.o
 .bss           0x00000000        0x0 Timer_Task.o
 .text          0x00000000        0x0 TWI_Task.o
 .data          0x00000000        0x0 TWI_Task.o
 .bss           0x00000000        0x0 TWI_Task.o
 .text          0x00000000        0x0 c:/program files (x86)/atmel/studio/7.0/toolchain/avr8/avr8-gnu-toolchain/bin/../lib/gcc/avr/4.9.2/avr5\libgcc.a(_udivmodsi4.o)
 .data          0x00000000        0x0 c:/program files (x86)/atmel/studio/7.0/toolchain/avr8/avr8-gnu-toolchain/bin/../lib/gcc/avr/4.9.2/avr5\libgcc.a(_udivmodsi4.o)
 .bss           0x00000000        0x0 c:/program files (x86)/atmel/studio/7.0/toolchain/avr8/avr8-gnu-toolchain/bin/../lib/gcc/avr/4.9.2/avr5\libgcc.a(_udivmodsi4.o)
 .text.libgcc.mul
                0x00000000        0x0 c:/program files (x86)/atmel/studio/7.0/toolchain/avr8/avr8-gnu-toolchain/bin/../lib/gcc/avr/4.9.2/avr5\libgcc.a(_udivmodsi4.o)
 .text.libgcc   0x00000000        0x0 c:/program files (x86)/atmel/studio/7.0/toolchain/avr8/avr8-gnu-toolchain/bin/../lib/gcc/avr/4.9.2/avr5\libgcc.a(_udivmodsi4.o)
 .text.libgcc.prologue
                0x00000000        0x0 c:/program files (x86)/atmel/studio/7.0/toolchain/avr8/avr8-gnu-toolchain/bin/../lib/gcc/avr/4.9.2/avr5\libgcc.a(_udivmodsi4.o)
 .text.libgcc.builtins
                0x00000000        0x0 c:/program files (x86)/atmel/studio/7.0/toolchain/avr8/avr8-gnu-toolchain/bin/../lib/gcc/avr/4.9.2/avr5\libgcc.a(_udivmodsi4.o)
 .text.libgcc.fmul
                0x00000000        0x0 c:/program files (x86)/atmel/studio/7.0/toolchain/avr8/avr8-gnu-toolchain/bin/../lib/gcc/avr/4.9.2/avr5\libgcc.a(_udivmodsi4.o)
 .text.libgcc.fixed
                0x00000000        0x0 c:/program files (x86)/atmel/studio/7.0/toolchain/avr8/avr8-gnu-toolchain/bin/../lib/gcc/avr/4.9.2/avr5\libgcc.a(_udivmodsi4.o)
 .text          0x00000000        0x0 c:/program files (x86)/atmel/studio/7.0/toolchain/avr8/avr8-gnu-toolchain/bin/../lib/gcc/avr/4.9.2/avr5\libgcc.a(_exit.o)
 .data          0x00000000        0x0 c:/program files (x86)/atmel/studio/7.0/toolchain/avr8/avr8-gnu-toolchain/bin/../lib/gcc/avr/4.9.2/avr5\libgcc.a(_exit.o)
 .bss           0x00000000        0x0 c:/program files (x86)/atmel/studio/7.0/toolchain/avr8/avr8-gnu-toolchain/bin/../lib/gcc/avr/4.9.2/avr5\libgcc.a(_exit.o)
 .text.libgcc.mul
                0x00000000        0x0 c:/program files (x86)/atmel/studio/7.0/toolchain/avr8/avr8-gnu-toolchain/bin/../lib/gcc/avr/4.9.2/avr5\libgcc.a(_exit.o)
 .text.libgcc.div
                0x00000000        0x0 c:/program files (x86)/atmel/studio/7.0/toolchain/avr8/avr8-gnu-toolchain/bin/../lib/gcc/avr/4.9.2/avr5\libgcc.a(_exit.o)
 .text.libgcc   0x00000000        0x0 c:/program files (x86)/atmel/studio/7.0/toolchain/avr8/avr8-gnu-toolchain/bin/../lib/gcc/avr/4.9.2/avr5\libgcc.a(_exit.o)
 .text.libgcc.prologue
                0x00000000        0x0 c:/program files (x86)/atmel/studio/7.0/toolchain/avr8/avr8-gnu-toolchain/bin/../lib/gcc/avr/4.9.2/avr5\libgcc.a(_exit.o)
 .text.libgcc.builtins
                0x00000000        0x0 c:/program files (x86)/atmel/studio/7.0/toolchain/avr8/avr8-gnu-toolchain/bin/../lib/gcc/avr/4.9.2/avr5\libgcc.a(_exit.o)
 .text.libgcc.fmul
                0x00000000        0x0 c:/program files (x86)/atmel/studio/7.0/toolchain/avr8/avr8-gnu-toolchain/bin/../lib/gcc/avr/4.9.2/avr5\libgcc.a(_exit.o)
 .text.libgcc.fixed
                0x00000000        0x0 c:/program files (x86)/atmel/studio/7.0/toolchain/avr8/avr8-gnu-toolchain/bin/../lib/gcc/avr/4.9.2/avr5\libgcc.a(_exit.o)
 .text          0x00000000        0x0 c:/program files (x86)/atmel/studio/7.0/toolchain/avr8/avr8-gnu-toolchain/bin/../lib/gcc/avr/4.9.2/avr5\libgcc.a(_tablejump2.o)
 .data          0x00000000        0x0 c:/program files (x86)/atmel/studio/7.0/toolchain/avr8/avr8-gnu-toolchain/bin/../lib/gcc/avr/4.9.2/avr5\libgcc.a(_tablejump2.o)
 .bss           0x00000000        0x0 c:/program files (x86)/atmel/studio/7.0/toolchain/avr8/avr8-gnu-toolchain/bin/../lib/gcc/avr/4.9.2/avr5\libgcc.a(_tablejump2.o)
 .text.libgcc.mul
                0x00000000        0x0 c:/program files (x86)/atmel/studio/7.0/toolchain/avr8/avr8-gnu-toolchain/bin/../lib/gcc/avr/4.9.2/avr5\libgcc.a(_tablejump2.o)
 .text.libgcc.div
                0x00000000        0x0 c:/program files (x86)/atmel/studio/7.0/toolchain/avr8/avr8-gnu-toolchain/bin/../lib/gcc/avr/4.9.2/avr5\libgcc.a(_tablejump2.o)
 .text.libgcc.prologue
                0x00000000        0x0 c:/program files (x86)/atmel/studio/7.0/toolchain/avr8/avr8-gnu-toolchain/bin/../lib/gcc/avr/4.9.2/avr5\libgcc.a(_tablejump2.o)
 .text.libgcc.builtins
                0x00000000        0x0 c:/program files (x86)/atmel/studio/7.0/toolchain/avr8/avr8-gnu-toolchain/bin/../lib/gcc/avr/4.9.2/avr5\libgcc.a(_tablejump2.o)
 .text.libgcc.fmul
                0x00000000        0x0 c:/program files (x86)/atmel/studio/7.0/toolchain/avr8/avr8-gnu-toolchain/bin/../lib/gcc/avr/4.9.2/avr5\libgcc.a(_tablejump2.o)
 .text.libgcc.fixed
                0x00000000        0x0 c:/program files (x86)/atmel/studio/7.0/toolchain/avr8/avr8-gnu-toolchain/bin/../lib/gcc/avr/4.9.2/avr5\libgcc.a(_tablejump2.o)
 .text          0x00000000        0x0 c:/program files (x86)/atmel/studio/7.0/toolchain/avr8/avr8-gnu-toolchain/bin/../lib/gcc/avr/4.9.2/avr5\libgcc.a(_copy_data.o)
 .data          0x00000000        0x0 c:/program files (x86)/atmel/studio/7.0/toolchain/avr8/avr8-gnu-toolchain/bin/../lib/gcc/avr/4.9.2/avr5\libgcc.a(_copy_data.o)
 .bss           0x00000000        0x0 c:/program files (x86)/atmel/studio/7.0/toolchain/avr8/avr8-gnu-toolchain/bin/../lib/gcc/avr/4.9.2/avr5\libgcc.a(_copy_data.o)
 .text.libgcc.mul
                0x00000000        0x0 c:/program files (x86)/atmel/studio/7.0/toolchain/avr8/avr8-gnu-toolchain/bin/../lib/gcc/avr/4.9.2/avr5\libgcc.a(_copy_data.o)
 .text.libgcc.div
                0x00000000        0x0 c:/program files (x86)/atmel/studio/7.0/toolchain/avr8/avr8-gnu-toolchain/bin/../lib/gcc/avr/4.9.2/avr5\libgcc.a(_copy_data.o)
 .text.libgcc   0x00000000        0x0 c:/program files (x86)/atmel/studio/7.0/toolchain/avr8/avr8-gnu-toolchain/bin/../lib/gcc/avr/4.9.2/avr5\libgcc.a(_copy_data.o)
 .text.libgcc.prologue
                0x00000000        0x0 c:/program files (x86)/atmel/studio/7.0/toolchain/avr8/avr8-gnu-toolchain/bin/../lib/gcc/avr/4.9.2/avr5\libgcc.a(_copy_data.o)
 .text.libgcc.builtins
                0x00000000        0x0 c:/program files (x86)/atmel/studio/7.0/toolchain/avr8/avr8-gnu-toolchain/bin/../lib/gcc/avr/4.9.2/avr5\libgcc.a(_copy_data.o)
 .text.libgcc.fmul
                0x00000000        0x0 c:/program files (x86)/atmel/studio/7.0/toolchain/avr8/avr8-gnu-toolchain/bin/../lib/gcc/avr/4.9.2/avr5\libgcc.a(_copy_data.o)
 .text.libgcc.fixed
                0x00000000        0x0 c:/program files (x86)/atmel/studio/7.0/toolchain/avr8/avr8-gnu-toolchain/bin/../lib/gcc/avr/4.9.2/avr5\libgcc.a(_copy_data.o)
 .text          0x00000000        0x0 c:/program files (x86)/atmel/studio/7.0/toolchain/avr8/avr8-gnu-toolchain/bin/../lib/gcc/avr/4.9.2/avr5\libgcc.a(_clear_bss.o)
 .data          0x00000000        0x0 c:/program files (x86)/atmel/studio/7.0/toolchain/avr8/avr8-gnu-toolchain/bin/../lib/gcc/avr/4.9.2/avr5\libgcc.a(_clear_bss.o)
 .bss           0x00000000        0x0 c:/program files (x86)/atmel/studio/7.0/toolchain/avr8/avr8-gnu-toolchain/bin/../lib/gcc/avr/4.9.2/avr5\libgcc.a(_clear_bss.o)
 .text.libgcc.mul
                0x00000000        0x0 c:/program files (x86)/atmel/studio/7.0/toolchain/avr8/avr8-gnu-toolchain/bin/../lib/gcc/avr/4.9.2/avr5\libgcc.a(_clear_bss.o)
 .text.libgcc.div
                0x00000000        0x0 c:/program files (x86)/atmel/studio/7.0/toolchain/avr8/avr8-gnu-toolchain/bin/../lib/gcc/avr/4.9.2/avr5\libgcc.a(_clear_bss.o)
 .text.libgcc   0x00000000        0x0 c:/program files (x86)/atmel/studio/7.0/toolchain/avr8/avr8-gnu-toolchain/bin/../lib/gcc/avr/4.9.2/avr5\libgcc.a(_clear_bss.o)
 .text.libgcc.prologue
                0x00000000        0x0 c:/program files (x86)/atmel/studio/7.0/toolchain/avr8/avr8-gnu-toolchain/bin/../lib/gcc/avr/4.9.2/avr5\libgcc.a(_clear_bss.o)
 .text.libgcc.builtins
                0x00000000        0x0 c:/program files (x86)/atmel/studio/7.0/toolchain/avr8/avr8-gnu-toolchain/bin/../lib/gcc/avr/4.9.2/avr5\libgcc.a(_clear_bss.o)
 .text.libgcc.fmul
                0x00000000        0x0 c:/program files (x86)/atmel/studio/7.0/toolchain/avr8/avr8-gnu-toolchain/bin/../lib/gcc/avr/4.9.2/avr5\libgcc.a(_clear_bss.o)
 .text.libgcc.fixed
                0x00000000        0x0 c:/program files (x86)/atmel/studio/7.0/toolchain/avr8/avr8-gnu-toolchain/bin/../lib/gcc/avr/4.9.2/avr5\libgcc.a(_clear_bss.o)
 .text          0x00000000        0x0 c:/program files (x86)/atmel/studio/7.0/toolchain/avr8/avr8-gnu-toolchain/bin/../lib/gcc/avr/4.9.2/avr5\libgcc.a(_muluhisi3.o)
 .data          0x00000000        0x0 c:/program files (x86)/atmel/studio/7.0/toolchain/avr8/avr8-gnu-toolchain/bin/../lib/gcc/avr/4.9.2/avr5\libgcc.a(_muluhisi3.o)
 .bss           0x00000000        0x0 c:/program files (x86)/atmel/studio/7.0/toolchain/avr8/avr8-gnu-toolchain/bin/../lib/gcc/avr/4.9.2/avr5\libgcc.a(_muluhisi3.o)
 .text.libgcc.div
                0x00000000        0x0 c:/program files (x86)/atmel/studio/7.0/toolchain/avr8/avr8-gnu-toolchain/bin/../lib/gcc/avr/4.9.2/avr5\libgcc.a(_muluhisi3.o)
 .text.libgcc   0x00000000        0x0 c:/program files (x86)/atmel/studio/7.0/toolchain/avr8/avr8-gnu-toolchain/bin/../lib/gcc/avr/4.9.2/avr5\libgcc.a(_muluhisi3.o)
 .text.libgcc.prologue
                0x00000000        0x0 c:/program files (x86)/atmel/studio/7.0/toolchain/avr8/avr8-gnu-toolchain/bin/../lib/gcc/avr/4.9.2/avr5\libgcc.a(_muluhisi3.o)
 .text.libgcc.builtins
                0x00000000        0x0 c:/program files (x86)/atmel/studio/7.0/toolchain/avr8/avr8-gnu-toolchain/bin/../lib/gcc/avr/4.9.2/avr5\libgcc.a(_muluhisi3.o)
 .text.libgcc.fmul
                0x00000000        0x0 c:/program files (x86)/atmel/studio/7.0/toolchain/avr8/avr8-gnu-toolchain/bin/../lib/gcc/avr/4.9.2/avr5\libgcc.a(_muluhisi3.o)
 .text.libgcc.fixed
                0x00000000        0x0 c:/program files (x86)/atmel/studio/7.0/toolchain/avr8/avr8-gnu-toolchain/bin/../lib/gcc/avr/4.9.2/avr5\libgcc.a(_muluhisi3.o)
 .text          0x00000000        0x0 c:/program files (x86)/atmel/studio/7.0/toolchain/avr8/avr8-gnu-toolchain/bin/../lib/gcc/avr/4.9.2/avr5\libgcc.a(_umulhisi3.o)
 .data          0x00000000        0x0 c:/program files (x86)/atmel/studio/7.0/toolchain/avr8/avr8-gnu-toolchain/bin/../lib/gcc/avr/4.9.2/avr5\libgcc.a(_umulhisi3.o)
 .bss           0x00000000        0x0 c:/program files (x86)/atmel/studio/7.0/toolchain/avr8/avr8-gnu-toolchain/bin/../lib/gcc/avr/4.9.2/avr5\libgcc.a(_umulhisi3.o)
 .text.libgcc.div
                0x00000000        0x0 c:/program files (x86)/atmel/studio/7.0/toolchain/avr8/avr8-gnu-toolchain/bin/../lib/gcc/avr/4.9.2/avr5\libgcc.a(_umulhisi3.o)
 .text.libgcc   0x00000000        0x0 c:/program files (x86)/atmel/studio/7.0/toolchain/avr8/avr8-gnu-toolchain/bin/../lib/gcc/avr/4.9.2/avr5\libgcc.a(_umulhisi3.o)
 .text.libgcc.prologue
                0x00000000        0x0 c:/program files (x86)/atmel/studio/7.0/toolchain/avr8/avr8-gnu-toolchain/bin/../lib/gcc/avr/4.9.2/avr5\libgcc.a(_umulhisi3.o)
 .text.libgcc.builtins
                0x00000000        0x0 c:/program files (x86)/atmel/studio/7.0/toolchain/avr8/avr8-gnu-toolchain/bin/../lib/gcc/avr/4.9.2/avr5\libgcc.a(_umulhisi3.o)
 .text.libgcc.fmul
                0x00000000        0x0 c:/program files (x86)/atmel/studio/7.0/toolchain/avr8/avr8-gnu-toolchain/bin/../lib/gcc/avr/4.9.2/avr5\libgcc.a(_umulhisi3.o)
 .text.libgcc.fixed
                0x00000000        0x0 c:/program files (x86)/atmel/studio/7.0/toolchain/avr8/avr8-gnu-toolchain/bin/../lib/gcc/avr/4.9.2/avr5\libgcc.a(_umulhisi3.o)

Memory Configuration

Name             Origin             Length             Attributes
text             0x00000000         0x00020000         xr
data             0x00800060         0x0000ffa0         rw !x
eeprom           0x00810000         0x00010000         rw !x
fuse             0x00820000         0x00000400         rw !x
lock             0x00830000         0x00000400         rw !x
signature        0x00840000         0x00000400         rw !x
user_signatures  0x00850000         0x00000400         rw !x
*default*        0x00000000         0xffffffff

Linker script and memory map

Address of section .data set to 0x800100
LOAD C:/Program Files (x86)/Atmel/Studio/7.0/Packs/atmel/ATmega_DFP/1.0.106/gcc/dev/atmega328pb/avr5/crtatmega328pb.o
LOAD ADC_Task.o
LOAD Device_Task.o
LOAD HIH6130.o
LOAD IO_Task.o
LOAD LoRa_Task.o
LOAD main.o
LOAD SPI_Task.o
LOAD Timer_Task.o
LOAD TWI_Task.o
START GROUP
LOAD c:/program files (x86)/atmel/studio/7.0/toolchain/avr8/avr8-gnu-toolchain/bin/../lib/gcc/avr/4.9.2/../../../../avr/lib/avr5\libm.a
END GROUP
START GROUP
LOAD c:/program files (x86)/atmel/studio/7.0/toolchain/avr8/avr8-gnu-toolchain/bin/../lib/gcc/avr/4.9.2/avr5\libgcc.a
LOAD c:/program files (x86)/atmel/studio/7.0/toolchain/avr8/avr8-gnu-toolchain/bin/../lib/gcc/avr/4.9.2/../../../../avr/lib/avr5\libm.a
LOAD c:/program files (x86)/atmel/studio/7.0/toolchain/avr8/avr8-gnu-toolchain/bin/../lib/gcc/avr/4.9.2/../../../../avr/lib/avr5\libc.a
LOAD C:/Program Files (x86)/Atmel/Studio/7.0/Packs/atmel/ATmega_DFP/1.0.106/gcc/dev/atmega328pb/avr5\libatmega328pb.a
END GROUP
                0x00020000                __TEXT_REGION_LENGTH__ = DEFINED (__TEXT_REGION_LENGTH__)?__TEXT_REGION_LENGTH__:0x20000
                0x0000ffa0                __DATA_REGION_LENGTH__ = DEFINED (__DATA_REGION_LENGTH__)?__DATA_REGION_LENGTH__:0xffa0
                0x00010000                __EEPROM_REGION_LENGTH__ = DEFINED (__EEPROM_REGION_LENGTH__)?__EEPROM_REGION_LENGTH__:0x10000
                0x00000400                __FUSE_REGION_LENGTH__ = DEFINED (__FUSE_REGION_LENGTH__)?__FUSE_REGION_LENGTH__:0x400
                0x00000400                __LOCK_REGION_LENGTH__ = DEFINED (__LOCK_REGION_LENGTH__)?__LOCK_REGION_LENGTH__:0x400
                0x00000400                __SIGNATURE_REGION_LENGTH__ = DEFINED (__SIGNATURE_REGION_LENGTH__)?__SIGNATURE_REGION_LENGTH__:0x400
                0x00000400                __USER_SIGNATURE_REGION_LENGTH__ = DEFINED (__USER_SIGNATURE_REGION_LENGTH__)?__USER_SIGNATURE_REGION_LENGTH__:0x400

.hash
 *(.hash)

.dynsym
 *(.dynsym)

.dynstr
 *(.dynstr)

.gnu.version
 *(.gnu.version)

.gnu.version_d
 *(.gnu.version_d)

.gnu.version_r
 *(.gnu.version_r)

.rel.init
 *(.rel.init)

.rela.init
 *(.rela.init)

.rel.text
 *(.rel.text)
 *(.rel.text.*)
 *(.rel.gnu.linkonce.t*)

.rela.text
 *(.rela.text)
 *(.rela.text.*)
 *(.rela.gnu.linkonce.t*)

.rel.fini
 *(.rel.fini)

.rela.fini
 *(.rela.fini)

.rel.rodata
 *(.rel.rodata)
 *(.rel.rodata.*)
 *(.rel.gnu.linkonce.r*)

.rela.rodata
 *(.rela.rodata)
 *(.rela.rodata.*)
 *(.rela.gnu.linkonce.r*)

.rel.data
 *(.rel.data)
 *(.rel.data.*)
 *(.rel.gnu.linkonce.d*)

.rela.data
 *(.rela.data)
 *(.rela.data.*)
 *(.rela.gnu.linkonce.d*)

.rel.ctors
 *(.rel.ctors)

.rela.ctors
 *(.rela.ctors)

.rel.dtors
 *(.rel.dtors)

.rela.dtors
 *(.rela.dtors)

.rel.got
 *(.rel.got)

.rela.got
 *(.rela.got)

.rel.bss
 *(.rel.bss)

.rela.bss
 *(.rela.bss)

.rel.plt
 *(.rel.plt)

.rela.plt
 *(.rela.plt)

.text           0x00000000      0x8f8
 *(.vectors)
 .vectors       0x00000000       0xb4 C:/Program Files (x86)/Atmel/Studio/7.0/Packs/atmel/ATmega_DFP/1.0.106/gcc/dev/atmega328pb/avr5/crtatmega328pb.o
                0x00000000                __vector_default
                0x00000000                __vectors
 *(.vectors)
 *(.progmem.gcc*)
 .progmem.gcc_sw_table.TWI1_Task
                0x000000b4       0xa2 TWI_Task.o
                0x00000156                . = ALIGN (0x2)
                0x00000156                __trampolines_start = .
 *(.trampolines)
 .trampolines   0x00000156        0x0 linker stubs
 *(.trampolines*)
                0x00000156                __trampolines_end = .
 *libprintf_flt.a:*(.progmem.data)
 *libc.a:*(.progmem.data)
 *(.progmem*)
                0x00000156                . = ALIGN (0x2)
 *(.jumptables)
 *(.jumptables*)
 *(.lowtext)
 *(.lowtext*)
                0x00000156                __ctors_start = .
 *(.ctors)
                0x00000156                __ctors_end = .
                0x00000156                __dtors_start = .
 *(.dtors)
                0x00000156                __dtors_end = .
 SORT(*)(.ctors)
 SORT(*)(.dtors)
 *(.init0)
 .init0         0x00000156        0x0 C:/Program Files (x86)/Atmel/Studio/7.0/Packs/atmel/ATmega_DFP/1.0.106/gcc/dev/atmega328pb/avr5/crtatmega328pb.o
                0x00000156                __init
 *(.init0)
 *(.init1)
 *(.init1)
 *(.init2)
 .init2         0x00000156        0xc C:/Program Files (x86)/Atmel/Studio/7.0/Packs/atmel/ATmega_DFP/1.0.106/gcc/dev/atmega328pb/avr5/crtatmega328pb.o
 *(.init2)
 *(.init3)
 *(.init3)
 *(.init4)
 .init4         0x00000162       0x16 c:/program files (x86)/atmel/studio/7.0/toolchain/avr8/avr8-gnu-toolchain/bin/../lib/gcc/avr/4.9.2/avr5\libgcc.a(_copy_data.o)
                0x00000162                __do_copy_data
 .init4         0x00000178       0x10 c:/program files (x86)/atmel/studio/7.0/toolchain/avr8/avr8-gnu-toolchain/bin/../lib/gcc/avr/4.9.2/avr5\libgcc.a(_clear_bss.o)
                0x00000178                __do_clear_bss
 *(.init4)
 *(.init5)
 *(.init5)
 *(.init6)
 *(.init6)
 *(.init7)
 *(.init7)
 *(.init8)
 *(.init8)
 *(.init9)
 .init9         0x00000188        0x8 C:/Program Files (x86)/Atmel/Studio/7.0/Packs/atmel/ATmega_DFP/1.0.106/gcc/dev/atmega328pb/avr5/crtatmega328pb.o
 *(.init9)
 *(.text)
 .text          0x00000190        0x4 C:/Program Files (x86)/Atmel/Studio/7.0/Packs/atmel/ATmega_DFP/1.0.106/gcc/dev/atmega328pb/avr5/crtatmega328pb.o
                0x00000190                __vector_38
                0x00000190                __vector_22
                0x00000190                __vector_28
                0x00000190                __vector_1
                0x00000190                __vector_32
                0x00000190                __vector_34
                0x00000190                __vector_24
                0x00000190                __vector_12
                0x00000190                __bad_interrupt
                0x00000190                __vector_6
                0x00000190                __vector_31
                0x00000190                __vector_35
                0x00000190                __vector_39
                0x00000190                __vector_3
                0x00000190                __vector_23
                0x00000190                __vector_30
                0x00000190                __vector_25
                0x00000190                __vector_11
                0x00000190                __vector_13
                0x00000190                __vector_17
                0x00000190                __vector_19
                0x00000190                __vector_7
                0x00000190                __vector_41
                0x00000190                __vector_43
                0x00000190                __vector_27
                0x00000190                __vector_5
                0x00000190                __vector_33
                0x00000190                __vector_37
                0x00000190                __vector_4
                0x00000190                __vector_44
                0x00000190                __vector_9
                0x00000190                __vector_2
                0x00000190                __vector_21
                0x00000190                __vector_15
                0x00000190                __vector_36
                0x00000190                __vector_29
                0x00000190                __vector_40
                0x00000190                __vector_8
                0x00000190                __vector_26
                0x00000190                __vector_14
                0x00000190                __vector_10
                0x00000190                __vector_16
                0x00000190                __vector_18
                0x00000190                __vector_20
                0x00000190                __vector_42
                0x00000194                . = ALIGN (0x2)
 *(.text.*)
 .text.ADC_Init
                0x00000194       0x20 ADC_Task.o
                0x00000194                ADC_Init
 .text.ADC_Task
                0x000001b4       0x28 ADC_Task.o
                0x000001b4                ADC_Task
 .text.Device_Task
                0x000001dc      0x1bc Device_Task.o
                0x000001dc                Device_Task
 .text.HIHI6130_Measure_Request
                0x00000398       0x10 HIH6130.o
                0x00000398                HIHI6130_Measure_Request
 .text.HIH6130_I2C_On_HT
                0x000003a8       0x12 HIH6130.o
                0x000003a8                HIH6130_I2C_On_HT
 .text.IO_Init  0x000003ba       0x20 IO_Task.o
                0x000003ba                IO_Init
 .text.IO_Data_LED_Toggle
                0x000003da       0x14 IO_Task.o
                0x000003da                IO_Data_LED_Toggle
 .text.SX1272_TX_Switch_On
                0x000003ee        0x6 LoRa_Task.o
                0x000003ee                SX1272_TX_Switch_On
 .text.SX1272_Reset_Off
                0x000003f4        0x6 LoRa_Task.o
                0x000003f4                SX1272_Reset_Off
 .text.SX1272_Reg_Access_On
                0x000003fa       0x24 LoRa_Task.o
                0x000003fa                SX1272_Reg_Access_On
 .text.LoRa_Tx_Task_Poll
                0x0000041e      0x15c LoRa_Task.o
                0x0000041e                LoRa_Tx_Task_Poll
 .text.SX1272_SPI_Loop
                0x0000057a       0x1a LoRa_Task.o
                0x0000057a                SX1272_SPI_Loop
 .text.SX1272_Reg_Access
                0x00000594       0x28 LoRa_Task.o
                0x00000594                SX1272_Reg_Access
 .text.LoRa_RF_Init
                0x000005bc       0x3c LoRa_Task.o
                0x000005bc                LoRa_RF_Init
 .text.main     0x000005f8       0x74 main.o
                0x000005f8                main
 .text.SPI_Init
                0x0000066c       0x18 SPI_Task.o
                0x0000066c                SPI_Init
 .text.SPI_Task
                0x00000684       0x70 SPI_Task.o
                0x00000684                SPI_Task
 .text.SPI_Trigger_On
                0x000006f4       0x40 SPI_Task.o
                0x000006f4                SPI_Trigger_On
 .text.Timer0_Init
                0x00000734        0xe Timer_Task.o
                0x00000734                Timer0_Init
 .text.Timer0_Task
                0x00000742       0x1e Timer_Task.o
                0x00000742                Timer0_Task
 .text.TWI1_Init
                0x00000760        0x8 TWI_Task.o
                0x00000760                TWI1_Init
 .text.TWI1_On_Write
                0x00000768       0x12 TWI_Task.o
                0x00000768                TWI1_On_Write
 .text.TWI1_On_Read
                0x0000077a       0x12 TWI_Task.o
                0x0000077a                TWI1_On_Read
 .text.TWI1_Task
                0x0000078c       0xe4 TWI_Task.o
                0x0000078c                TWI1_Task
 .text.libgcc.div
                0x00000870       0x44 c:/program files (x86)/atmel/studio/7.0/toolchain/avr8/avr8-gnu-toolchain/bin/../lib/gcc/avr/4.9.2/avr5\libgcc.a(_udivmodsi4.o)
                0x00000870                __udivmodsi4
 .text.libgcc   0x000008b4        0xc c:/program files (x86)/atmel/studio/7.0/toolchain/avr8/avr8-gnu-toolchain/bin/../lib/gcc/avr/4.9.2/avr5\libgcc.a(_tablejump2.o)
                0x000008b4                __tablejump2__
 .text.libgcc.mul
                0x000008c0       0x16 c:/program files (x86)/atmel/studio/7.0/toolchain/avr8/avr8-gnu-toolchain/bin/../lib/gcc/avr/4.9.2/avr5\libgcc.a(_muluhisi3.o)
                0x000008c0                __muluhisi3
 .text.libgcc.mul
                0x000008d6       0x1e c:/program files (x86)/atmel/studio/7.0/toolchain/avr8/avr8-gnu-toolchain/bin/../lib/gcc/avr/4.9.2/avr5\libgcc.a(_umulhisi3.o)
                0x000008d6                __umulhisi3
                0x000008f4                . = ALIGN (0x2)
 *(.fini9)
 .fini9         0x000008f4        0x0 c:/program files (x86)/atmel/studio/7.0/toolchain/avr8/avr8-gnu-toolchain/bin/../lib/gcc/avr/4.9.2/avr5\libgcc.a(_exit.o)
                0x000008f4                _exit
                0x000008f4                exit
 *(.fini9)
 *(.fini8)
 *(.fini8)
 *(.fini7)
 *(.fini7)
 *(.fini6)
 *(.fini6)
 *(.fini5)
 *(.fini5)
 *(.fini4)
 *(.fini4)
 *(.fini3)
 *(.fini3)
 *(.fini2)
 *(.fini2)
 *(.fini1)
 *(.fini1)
 *(.fini0)
 .fini0         0x000008f4        0x4 c:/program files (x86)/atmel/studio/7.0/toolchain/avr8/avr8-gnu-toolchain/bin/../lib/gcc/avr/4.9.2/avr5\libgcc.a(_exit.o)
 *(.fini0)
                0x000008f8                _etext = .

.data           0x00800100       0x36 load address 0x000008f8
                0x00800100                PROVIDE (__data_start, .)
 *(.data)
 *(.data*)
 *(.rodata)
 *(.rodata*)
 .rodata.TX_Task_Setting
                0x00800100        0xa LoRa_Task.o
                0x00800100                TX_Task_Setting
 .rodata.RF_Init_Data
                0x0080010a       0x2c LoRa_Task.o
                0x0080010a                RF_Init_Data
 *(.gnu.linkonce.d*)
                0x00800136                . = ALIGN (0x2)
                0x00800136                _edata = .
                0x00800136                PROVIDE (__data_end, .)

.bss            0x00800136       0x82
                0x00800136                PROVIDE (__bss_start, .)
 *(.bss)
 *(.bss*)
 *(COMMON)
 COMMON         0x00800136       0x82 ADC_Task.o
                0x00800136                twi1_task_cnt
                0x00800137                spi_data_cnt
                0x00800138                temp2
                0x00800139                rf_rx_data
                0x00800145                twi1_word
                0x00800146                uart0_trn_ptr
                0x00800148                spi_status_flag
                0x00800149                spi_trn_data
                0x00800169                temp5
                0x0080016d                twi1_task_status
                0x0080016e                adc_value
                0x0080016f                temp6
                0x00800173                temp1
                0x00800174                twi1_data
                0x0080017c                lora_task_flag
                0x0080017d                twi1_addr
                0x0080017e                lora_para_index
                0x0080017f                temp4
                0x00800180                spi_rec_data
                0x008001a0                spi_trn_ptr
                0x008001a2                lora_para_cnt
                0x008001a3                rf_tx_data
                0x008001af                lora_tx_task_cnt
                0x008001b0                lora_rx_task_cnt
                0x008001b1                twi1_data_index
                0x008001b2                temp3
                0x008001b3                dev_task_cnt
                0x008001b4                spi_rec_ptr
                0x008001b6                twi1_data_cnt
                0x008001b7                delay_cnt
                0x008001b8                PROVIDE (__bss_end, .)
                0x000008f8                __data_load_start = LOADADDR (.data)
                0x0000092e                __data_load_end = (__data_load_start + SIZEOF (.data))

.noinit         0x008001b8        0x0
                [!provide]                PROVIDE (__noinit_start, .)
 *(.noinit*)
                [!provide]                PROVIDE (__noinit_end, .)
                0x008001b8                _end = .
                [!provide]                PROVIDE (__heap_start, .)

.eeprom         0x00810000        0x0
 *(.eeprom*)
                0x00810000                __eeprom_end = .

.fuse           0x00820000        0x3
 *(.fuse)
 .fuse          0x00820000        0x3 main.o
                0x00820000                __fuse
 *(.lfuse)
 *(.hfuse)
 *(.efuse)

.lock
 *(.lock*)

.signature
 *(.signature*)

.user_signatures
 *(.user_signatures*)

.stab
 *(.stab)

.stabstr
 *(.stabstr)

.stab.excl
 *(.stab.excl)

.stab.exclstr
 *(.stab.exclstr)

.stab.index
 *(.stab.index)

.stab.indexstr
 *(.stab.indexstr)

.comment        0x00000000       0x30
 *(.comment)
 .comment       0x00000000       0x30 ADC_Task.o
                                 0x31 (size before relaxing)
 .comment       0x00000030       0x31 Device_Task.o
 .comment       0x00000030       0x31 HIH6130.o
 .comment       0x00000030       0x31 IO_Task.o
 .comment       0x00000030       0x31 LoRa_Task.o
 .comment       0x00000030       0x31 main.o
 .comment       0x00000030       0x31 SPI_Task.o
 .comment       0x00000030       0x31 Timer_Task.o
 .comment       0x00000030       0x31 TWI_Task.o

.note.gnu.avr.deviceinfo
                0x00000000       0x40
 .note.gnu.avr.deviceinfo
                0x00000000       0x40 C:/Program Files (x86)/Atmel/Studio/7.0/Packs/atmel/ATmega_DFP/1.0.106/gcc/dev/atmega328pb/avr5/crtatmega328pb.o

.note.gnu.build-id
 *(.note.gnu.build-id)

.debug
 *(.debug)

.line
 *(.line)

.debug_srcinfo
 *(.debug_srcinfo)

.debug_sfnames
 *(.debug_sfnames)

.debug_aranges  0x00000000      0x1d8
 *(.debug_aranges)
 .debug_aranges
                0x00000000       0x28 ADC_Task.o
 .debug_aranges
                0x00000028       0x20 Device_Task.o
 .debug_aranges
                0x00000048       0x28 HIH6130.o
 .debug_aranges
                0x00000070       0x48 IO_Task.o
 .debug_aranges
                0x000000b8       0x70 LoRa_Task.o
 .debug_aranges
                0x00000128       0x20 main.o
 .debug_aranges
                0x00000148       0x30 SPI_Task.o
 .debug_aranges
                0x00000178       0x28 Timer_Task.o
 .debug_aranges
                0x000001a0       0x38 TWI_Task.o

.debug_pubnames
 *(.debug_pubnames)

.debug_info     0x00000000     0x1f45
 *(.debug_info .gnu.linkonce.wi.*)
 .debug_info    0x00000000      0x2fd ADC_Task.o
 .debug_info    0x000002fd      0x312 Device_Task.o
 .debug_info    0x0000060f      0x32d HIH6130.o
 .debug_info    0x0000093c      0x355 IO_Task.o
 .debug_info    0x00000c91      0x532 LoRa_Task.o
 .debug_info    0x000011c3      0x449 main.o
 .debug_info    0x0000160c      0x313 SPI_Task.o
 .debug_info    0x0000191f      0x2fd Timer_Task.o
 .debug_info    0x00001c1c      0x329 TWI_Task.o

.debug_abbrev   0x00000000      0x577
 *(.debug_abbrev)
 .debug_abbrev  0x00000000       0x7d ADC_Task.o
 .debug_abbrev  0x0000007d       0x9b Device_Task.o
 .debug_abbrev  0x00000118       0x9b HIH6130.o
 .debug_abbrev  0x000001b3       0x7d IO_Task.o
 .debug_abbrev  0x00000230      0x108 LoRa_Task.o
 .debug_abbrev  0x00000338       0xc8 main.o
 .debug_abbrev  0x00000400       0x7d SPI_Task.o
 .debug_abbrev  0x0000047d       0x7d Timer_Task.o
 .debug_abbrev  0x000004fa       0x7d TWI_Task.o

.debug_line     0x00000000      0xfae
 *(.debug_line .debug_line.* .debug_line_end)
 .debug_line    0x00000000       0xf4 ADC_Task.o
 .debug_line    0x000000f4      0x1d2 Device_Task.o
 .debug_line    0x000002c6       0xe9 HIH6130.o
 .debug_line    0x000003af      0x16b IO_Task.o
 .debug_line    0x0000051a      0x499 LoRa_Task.o
 .debug_line    0x000009b3      0x227 main.o
 .debug_line    0x00000bda      0x146 SPI_Task.o
 .debug_line    0x00000d20       0xf0 Timer_Task.o
 .debug_line    0x00000e10      0x19e TWI_Task.o

.debug_frame    0x00000000      0x2ec
 *(.debug_frame)
 .debug_frame   0x00000000       0x34 ADC_Task.o
 .debug_frame   0x00000034       0x44 Device_Task.o
 .debug_frame   0x00000078       0x34 HIH6130.o
 .debug_frame   0x000000ac       0x74 IO_Task.o
 .debug_frame   0x00000120       0xdc LoRa_Task.o
 .debug_frame   0x000001fc       0x24 main.o
 .debug_frame   0x00000220       0x44 SPI_Task.o
 .debug_frame   0x00000264       0x34 Timer_Task.o
 .debug_frame   0x00000298       0x54 TWI_Task.o

.debug_str      0x00000000      0x54a
 *(.debug_str)
 .debug_str     0x00000000      0x2b1 ADC_Task.o
                                0x2e5 (size before relaxing)
 .debug_str     0x000002b1       0x4a Device_Task.o
                                0x30d (size before relaxing)
 .debug_str     0x000002fb       0x2a HIH6130.o
                                0x318 (size before relaxing)
 .debug_str     0x00000325       0x6a IO_Task.o
                                0x32d (size before relaxing)
 .debug_str     0x0000038f      0x125 LoRa_Task.o
                                0x3fb (size before relaxing)
 .debug_str     0x000004b4       0x64 main.o
                                0x386 (size before relaxing)
 .debug_str     0x00000518       0x10 SPI_Task.o
                                0x2f4 (size before relaxing)
 .debug_str     0x00000528       0x12 Timer_Task.o
                                0x2ed (size before relaxing)
 .debug_str     0x0000053a       0x10 TWI_Task.o
                                0x302 (size before relaxing)

.debug_loc      0x00000000       0xc1
 *(.debug_loc)
 .debug_loc     0x00000000       0x63 Device_Task.o
 .debug_loc     0x00000063       0x5e LoRa_Task.o

.debug_macinfo
 *(.debug_macinfo)

.debug_weaknames
 *(.debug_weaknames)

.debug_funcnames
 *(.debug_funcnames)

.debug_typenames
 *(.debug_typenames)

.debug_varnames
 *(.debug_varnames)

.debug_pubtypes
 *(.debug_pubtypes)

.debug_ranges   0x00000000      0x148
 *(.debug_ranges)
 .debug_ranges  0x00000000       0x18 ADC_Task.o
 .debug_ranges  0x00000018       0x10 Device_Task.o
 .debug_ranges  0x00000028       0x18 HIH6130.o
 .debug_ranges  0x00000040       0x38 IO_Task.o
 .debug_ranges  0x00000078       0x60 LoRa_Task.o
 .debug_ranges  0x000000d8       0x10 main.o
 .debug_ranges  0x000000e8       0x20 SPI_Task.o
 .debug_ranges  0x00000108       0x18 Timer_Task.o
 .debug_ranges  0x00000120       0x28 TWI_Task.o

.debug_macro
 *(.debug_macro)
OUTPUT(LoRa_TX.elf elf32-avr)
LOAD linker stubs
